// Jest Snapshot v1, https://goo.gl/fbAQLP

exports[`renders ProjectCard component correctly - snapshot 1`] = `
<div
  className="sc-bdfBQB eDCjUP"
>
  <div
    className="sc-dlfnuX iOZAXF"
  >
    <div
      className="sc-hKgJUU jkblDv"
    >
      <img
        className="sc-gsTEea iRQMQw"
        src="icon.svg"
      />
    </div>
    <div
      className="sc-eCstlR evEecB"
    >
      <h2
        data-test="project-card-name"
      >
        name testing
      </h2>
      <div
        className="sc-jSgvzq"
        dangerouslySetInnerHTML={
          Object {
            "__html": "<p>desc testing</p>
",
          }
        }
      />
      <h3>
        Participants:
      </h3>
      <div
        className="sc-iBPTik ddGxJq"
      >
        <div
          className="sc-fubCzh kGMoIv"
        >
          <img
            className="sc-gKseQn gmHRui"
            src="icon2.svg"
          />
        </div>
        <div
          className="sc-pGacB dXoMBx"
        >
          <a
            href="/users/2"
            onClick={[Function]}
            onMouseEnter={[Function]}
          >
            user testing
          </a>
        </div>
      </div>
    </div>
  </div>
</div>
`;
